// Jest Snapshot v1, https://goo.gl/fbAQLP

exports[`#getContent remove properties 1`] = `
Array [
  "<div class=\\"element-block ml-0\\"><div class=\\"flex-1\\">Share your knowledge and insights. To do this in the most effective way you'll need to <a class=\\"text-teal-400 group\\" href=\\"/pages/explain-in-plain-words\\"><span class=\\"text-gray-500 group-hover:text-yellow-500\\">[[</span>Explain in plain words<span class=\\"text-gray-500 group-hover:text-yellow-500\\">]]</span></a>. This \\"forces\\" you to refine your thinking until you can explain the topic in the most accessible way.<strong class=\\"text-rose-400\\"> includes the commit in question in the rebase</strong><em>Commit B</em></div></div>",
  "<div class=\\"element-block ml-4\\"><div class=\\"flex-1\\">We have some content that we want to position in the center of the screen. For this we can use <a class=\\"text-teal-400 group\\" href=\\"/pages/css-grid\\"><span class=\\"text-gray-500 group-hover:text-yellow-500\\">[[</span>CSS Grid<span class=\\"text-gray-500 group-hover:text-yellow-500\\">]]</span></a>. By defining fixed values at the edges of our grid template we can achieve spacing without using <code>padding</code> when the grid resizes on a smaller screen.</div></div>",
  [Circular],
  "<hr class=\\"border-gray-700 !my-5\\" />",
  "<div class=\\"element-block ml-0\\"><div class=\\"flex-1\\">

\`\`\`md
pick 456 Commit B
pick 789 Commit C
	  
# Commands
# p, pick <commit> = use commit
# e, edit <commit> = use commit, but stop for amending
# ...
\`\`\`

</div></div>",
]
`;
